[INFO] 2026-03-02 00:16:02 - email - email_service.<module>:10 - Email service module loaded
[INFO] 2026-03-02 00:16:02 - email - email_service.<module>:15 - Email configuration: Sender configured: False
[INFO] 2026-03-02 00:16:19 - email - email_service.<module>:10 - Email service module loaded
[INFO] 2026-03-02 00:16:19 - email - email_service.<module>:15 - Email configuration: Sender configured: False
[INFO] 2026-03-02 00:16:21 - email - email_service.<module>:10 - Email service module loaded
[INFO] 2026-03-02 00:16:21 - email - email_service.<module>:15 - Email configuration: Sender configured: True
[INFO] 2026-03-02 00:18:08 - email - email_service.send_email_verification:250 - Sending email verification to new user: byte (dankmemer020@gmail.com)
[DEBUG] 2026-03-02 00:18:08 - email - email_service.send_email_verification:251 - Verification OTP generated: 642411
[INFO] 2026-03-02 00:18:08 - email - email_service.send_email:21 - Preparing to send email to: dankmemer020@gmail.com, Subject: Verify Your Email - AI Meeting Agent
[DEBUG] 2026-03-02 00:18:08 - email - email_service.send_email:31 - Email message created with headers
[DEBUG] 2026-03-02 00:18:08 - email - email_service.send_email:37 - Text body attached
[DEBUG] 2026-03-02 00:18:08 - email - email_service.send_email:42 - HTML body attached
[DEBUG] 2026-03-02 00:18:08 - email - email_service.send_email:45 - Connecting to SMTP server...
[DEBUG] 2026-03-02 00:18:09 - email - email_service.send_email:47 - SMTP connection established
[DEBUG] 2026-03-02 00:18:09 - email - email_service.send_email:49 - SMTP authentication successful
[INFO] 2026-03-02 00:18:11 - email - email_service.send_email:53 - Email sent successfully to dankmemer020@gmail.com in 2723.88ms
[INFO] 2026-03-02 00:18:11 - email - logger_config.log_email_operation:228 - EMAIL_SEND - SUCCESS - To: dankmemer020@gmail.com - Subject: Verify Your Email - AI Meeting Agent
[INFO] 2026-03-02 00:18:57 - email - email_service.<module>:10 - Email service module loaded
[INFO] 2026-03-02 00:18:57 - email - email_service.<module>:15 - Email configuration: Sender configured: False
[INFO] 2026-03-02 00:18:58 - email - email_service.<module>:10 - Email service module loaded
[INFO] 2026-03-02 00:18:58 - email - email_service.<module>:15 - Email configuration: Sender configured: True
[INFO] 2026-03-02 00:20:10 - email - email_service.<module>:10 - Email service module loaded
[INFO] 2026-03-02 00:20:10 - email - email_service.<module>:15 - Email configuration: Sender configured: False
[INFO] 2026-03-02 00:20:11 - email - email_service.<module>:10 - Email service module loaded
[INFO] 2026-03-02 00:20:11 - email - email_service.<module>:15 - Email configuration: Sender configured: True
[INFO] 2026-03-02 00:20:16 - email - email_service.send_email_verification:250 - Sending email verification to new user: byte (dankmemer020@gmail.com)
[DEBUG] 2026-03-02 00:20:16 - email - email_service.send_email_verification:251 - Verification OTP generated: 825480
[INFO] 2026-03-02 00:20:16 - email - email_service.send_email:21 - Preparing to send email to: dankmemer020@gmail.com, Subject: Verify Your Email - AI Meeting Agent
[DEBUG] 2026-03-02 00:20:16 - email - email_service.send_email:31 - Email message created with headers
[DEBUG] 2026-03-02 00:20:16 - email - email_service.send_email:37 - Text body attached
[DEBUG] 2026-03-02 00:20:16 - email - email_service.send_email:42 - HTML body attached
[DEBUG] 2026-03-02 00:20:16 - email - email_service.send_email:45 - Connecting to SMTP server...
[DEBUG] 2026-03-02 00:20:16 - email - email_service.send_email:47 - SMTP connection established
[DEBUG] 2026-03-02 00:20:18 - email - email_service.send_email:49 - SMTP authentication successful
[INFO] 2026-03-02 00:20:20 - email - email_service.send_email:53 - Email sent successfully to dankmemer020@gmail.com in 4230.81ms
[INFO] 2026-03-02 00:20:20 - email - logger_config.log_email_operation:228 - EMAIL_SEND - SUCCESS - To: dankmemer020@gmail.com - Subject: Verify Your Email - AI Meeting Agent
[INFO] 2026-03-02 00:20:35 - email - email_service.send_welcome_email:67 - Sending welcome email to new user: byte (dankmemer020@gmail.com)
[INFO] 2026-03-02 00:20:35 - email - email_service.send_email:21 - Preparing to send email to: dankmemer020@gmail.com, Subject: Welcome to AI Meeting Agent! 🎉
[DEBUG] 2026-03-02 00:20:35 - email - email_service.send_email:31 - Email message created with headers
[DEBUG] 2026-03-02 00:20:35 - email - email_service.send_email:37 - Text body attached
[DEBUG] 2026-03-02 00:20:35 - email - email_service.send_email:42 - HTML body attached
[DEBUG] 2026-03-02 00:20:35 - email - email_service.send_email:45 - Connecting to SMTP server...
[DEBUG] 2026-03-02 00:20:35 - email - email_service.send_email:47 - SMTP connection established
[DEBUG] 2026-03-02 00:20:36 - email - email_service.send_email:49 - SMTP authentication successful
[INFO] 2026-03-02 00:20:38 - email - email_service.send_email:53 - Email sent successfully to dankmemer020@gmail.com in 3193.10ms
[INFO] 2026-03-02 00:20:38 - email - logger_config.log_email_operation:228 - EMAIL_SEND - SUCCESS - To: dankmemer020@gmail.com - Subject: Welcome to AI Meeting Agent! 🎉
[INFO] 2026-03-02 00:21:56 - email - email_service.<module>:10 - Email service module loaded
[INFO] 2026-03-02 00:21:56 - email - email_service.<module>:15 - Email configuration: Sender configured: True
[INFO] 2026-03-02 00:22:06 - email - email_service.<module>:10 - Email service module loaded
[INFO] 2026-03-02 00:22:06 - email - email_service.<module>:15 - Email configuration: Sender configured: True
[INFO] 2026-03-02 00:23:53 - email - email_service.<module>:10 - Email service module loaded
[INFO] 2026-03-02 00:23:53 - email - email_service.<module>:15 - Email configuration: Sender configured: False
[INFO] 2026-03-02 00:23:54 - email - email_service.<module>:10 - Email service module loaded
[INFO] 2026-03-02 00:23:54 - email - email_service.<module>:15 - Email configuration: Sender configured: True
[INFO] 2026-03-02 00:26:09 - email - email_service.<module>:10 - Email service module loaded
[INFO] 2026-03-02 00:26:09 - email - email_service.<module>:15 - Email configuration: Sender configured: False
[INFO] 2026-03-02 00:26:10 - email - email_service.<module>:10 - Email service module loaded
[INFO] 2026-03-02 00:26:10 - email - email_service.<module>:15 - Email configuration: Sender configured: True
[INFO] 2026-03-02 00:27:09 - email - email_service.<module>:10 - Email service module loaded
[INFO] 2026-03-02 00:27:09 - email - email_service.<module>:15 - Email configuration: Sender configured: True
[INFO] 2026-03-02 00:27:22 - email - email_service.<module>:10 - Email service module loaded
[INFO] 2026-03-02 00:27:22 - email - email_service.<module>:15 - Email configuration: Sender configured: False
[INFO] 2026-03-02 00:27:24 - email - email_service.<module>:10 - Email service module loaded
[INFO] 2026-03-02 00:27:24 - email - email_service.<module>:15 - Email configuration: Sender configured: True
[INFO] 2026-03-02 00:28:58 - email - email_service.<module>:10 - Email service module loaded
[INFO] 2026-03-02 00:28:58 - email - email_service.<module>:15 - Email configuration: Sender configured: True
[INFO] 2026-03-02 00:29:24 - email - email_service.<module>:10 - Email service module loaded
[INFO] 2026-03-02 00:29:24 - email - email_service.<module>:15 - Email configuration: Sender configured: True
[INFO] 2026-03-02 00:29:41 - email - email_service.<module>:10 - Email service module loaded
[INFO] 2026-03-02 00:29:41 - email - email_service.<module>:15 - Email configuration: Sender configured: True
[INFO] 2026-03-02 00:29:56 - email - email_service.<module>:10 - Email service module loaded
[INFO] 2026-03-02 00:29:56 - email - email_service.<module>:15 - Email configuration: Sender configured: True
[INFO] 2026-03-02 00:30:06 - email - email_service.<module>:10 - Email service module loaded
[INFO] 2026-03-02 00:30:06 - email - email_service.<module>:15 - Email configuration: Sender configured: False
[INFO] 2026-03-02 00:30:34 - email - email_service.<module>:10 - Email service module loaded
[INFO] 2026-03-02 00:30:34 - email - email_service.<module>:15 - Email configuration: Sender configured: False
[INFO] 2026-03-02 00:30:35 - email - email_service.<module>:10 - Email service module loaded
[INFO] 2026-03-02 00:30:35 - email - email_service.<module>:15 - Email configuration: Sender configured: True
[INFO] 2026-03-02 00:33:10 - email - email_service.<module>:10 - Email service module loaded
[INFO] 2026-03-02 00:33:10 - email - email_service.<module>:15 - Email configuration: Sender configured: False
[INFO] 2026-03-02 00:33:11 - email - email_service.<module>:10 - Email service module loaded
[INFO] 2026-03-02 00:33:11 - email - email_service.<module>:15 - Email configuration: Sender configured: True
[INFO] 2026-03-02 00:38:23 - email - email_service.send_integration_success_email:142 - Sending integration success email for Trello to: byte (dankmemer020@gmail.com)
[INFO] 2026-03-02 00:38:23 - email - email_service.send_email:21 - Preparing to send email to: dankmemer020@gmail.com, Subject: Trello Integration Successful! ✅
[DEBUG] 2026-03-02 00:38:23 - email - email_service.send_email:31 - Email message created with headers
[DEBUG] 2026-03-02 00:38:23 - email - email_service.send_email:42 - HTML body attached
[DEBUG] 2026-03-02 00:38:23 - email - email_service.send_email:45 - Connecting to SMTP server...
[DEBUG] 2026-03-02 00:38:24 - email - email_service.send_email:47 - SMTP connection established
[DEBUG] 2026-03-02 00:38:24 - email - email_service.send_email:49 - SMTP authentication successful
[INFO] 2026-03-02 00:38:26 - email - email_service.send_email:53 - Email sent successfully to dankmemer020@gmail.com in 2528.99ms
[INFO] 2026-03-02 00:38:26 - email - logger_config.log_email_operation:228 - EMAIL_SEND - SUCCESS - To: dankmemer020@gmail.com - Subject: Trello Integration Successful! ✅
[INFO] 2026-03-02 00:39:46 - email - email_service.<module>:10 - Email service module loaded
[INFO] 2026-03-02 00:39:46 - email - email_service.<module>:15 - Email configuration: Sender configured: True
[INFO] 2026-03-02 00:39:55 - email - email_service.<module>:10 - Email service module loaded
[INFO] 2026-03-02 00:39:55 - email - email_service.<module>:15 - Email configuration: Sender configured: True
[INFO] 2026-03-02 00:39:58 - email - email_service.<module>:10 - Email service module loaded
[INFO] 2026-03-02 00:39:58 - email - email_service.<module>:15 - Email configuration: Sender configured: False
[INFO] 2026-03-02 00:39:59 - email - email_service.<module>:10 - Email service module loaded
[INFO] 2026-03-02 00:39:59 - email - email_service.<module>:15 - Email configuration: Sender configured: True
[INFO] 2026-03-02 00:43:03 - email - email_service.<module>:10 - Email service module loaded
[INFO] 2026-03-02 00:43:03 - email - email_service.<module>:15 - Email configuration: Sender configured: False
[INFO] 2026-03-02 00:43:04 - email - email_service.<module>:10 - Email service module loaded
[INFO] 2026-03-02 00:43:04 - email - email_service.<module>:15 - Email configuration: Sender configured: True
[INFO] 2026-03-02 11:17:53 - email - email_service.<module>:10 - Email service module loaded
[INFO] 2026-03-02 11:17:53 - email - email_service.<module>:15 - Email configuration: Sender configured: False
[INFO] 2026-03-02 11:19:05 - email - email_service.<module>:10 - Email service module loaded
[INFO] 2026-03-02 11:19:05 - email - email_service.<module>:15 - Email configuration: Sender configured: False
[INFO] 2026-03-02 11:19:36 - email - email_service.<module>:10 - Email service module loaded
[INFO] 2026-03-02 11:19:36 - email - email_service.<module>:15 - Email configuration: Sender configured: True
[INFO] 2026-03-02 11:21:48 - email - email_service.<module>:10 - Email service module loaded
[INFO] 2026-03-02 11:21:48 - email - email_service.<module>:15 - Email configuration: Sender configured: True
[INFO] 2026-03-02 11:22:12 - email - email_service.<module>:10 - Email service module loaded
[INFO] 2026-03-02 11:22:12 - email - email_service.<module>:15 - Email configuration: Sender configured: True
[INFO] 2026-03-02 11:22:25 - email - email_service.<module>:10 - Email service module loaded
[INFO] 2026-03-02 11:22:25 - email - email_service.<module>:15 - Email configuration: Sender configured: False
[INFO] 2026-03-02 11:22:26 - email - email_service.<module>:10 - Email service module loaded
[INFO] 2026-03-02 11:22:26 - email - email_service.<module>:15 - Email configuration: Sender configured: True
[INFO] 2026-03-02 11:23:07 - email - email_service.<module>:10 - Email service module loaded
[INFO] 2026-03-02 11:23:07 - email - email_service.<module>:15 - Email configuration: Sender configured: False
[INFO] 2026-03-02 11:23:07 - email - email_service.<module>:10 - Email service module loaded
[INFO] 2026-03-02 11:23:07 - email - email_service.<module>:15 - Email configuration: Sender configured: True
[INFO] 2026-03-02 11:25:21 - email - email_service.<module>:10 - Email service module loaded
[INFO] 2026-03-02 11:25:21 - email - email_service.<module>:15 - Email configuration: Sender configured: True
[INFO] 2026-03-02 11:25:48 - email - email_service.<module>:10 - Email service module loaded
[INFO] 2026-03-02 11:25:48 - email - email_service.<module>:15 - Email configuration: Sender configured: True
[INFO] 2026-03-02 11:25:56 - email - email_service.<module>:10 - Email service module loaded
[INFO] 2026-03-02 11:25:56 - email - email_service.<module>:15 - Email configuration: Sender configured: True
[INFO] 2026-03-02 11:26:02 - email - email_service.<module>:10 - Email service module loaded
[INFO] 2026-03-02 11:26:02 - email - email_service.<module>:15 - Email configuration: Sender configured: True
[INFO] 2026-03-02 11:26:07 - email - email_service.<module>:10 - Email service module loaded
[INFO] 2026-03-02 11:26:07 - email - email_service.<module>:15 - Email configuration: Sender configured: True
[INFO] 2026-03-02 11:26:10 - email - email_service.<module>:10 - Email service module loaded
[INFO] 2026-03-02 11:26:10 - email - email_service.<module>:15 - Email configuration: Sender configured: True
[INFO] 2026-03-02 11:26:15 - email - email_service.<module>:10 - Email service module loaded
[INFO] 2026-03-02 11:26:15 - email - email_service.<module>:15 - Email configuration: Sender configured: True
[INFO] 2026-03-02 11:26:22 - email - email_service.<module>:10 - Email service module loaded
[INFO] 2026-03-02 11:26:22 - email - email_service.<module>:15 - Email configuration: Sender configured: True
[INFO] 2026-03-02 11:31:31 - email - email_service.<module>:10 - Email service module loaded
[INFO] 2026-03-02 11:31:31 - email - email_service.<module>:15 - Email configuration: Sender configured: True
[INFO] 2026-03-02 11:31:45 - email - email_service.<module>:10 - Email service module loaded
[INFO] 2026-03-02 11:31:45 - email - email_service.<module>:15 - Email configuration: Sender configured: True
[INFO] 2026-03-02 11:32:01 - email - email_service.<module>:10 - Email service module loaded
[INFO] 2026-03-02 11:32:01 - email - email_service.<module>:15 - Email configuration: Sender configured: True
[INFO] 2026-03-02 11:32:16 - email - email_service.<module>:10 - Email service module loaded
[INFO] 2026-03-02 11:32:16 - email - email_service.<module>:15 - Email configuration: Sender configured: True
